[backblue.gif]
[fade.gif]
[index.html]
[pixydrops.com/laboix-html/assets/images/favicons/apple-touch-icon.png]
[pixydrops.com/laboix-html/assets/images/favicons/favicon-16x16.png]
[pixydrops.com/laboix-html/gallery.html]
[pixydrops.com/laboix-html/assets/images/favicons/favicon-32x32.png]
[pixydrops.com/laboix-html/assets/images/favicons/site.webmanifest]
[pixydrops.com/laboix-html/inedx.77.delayed]
[pixydrops.com/laboix-html/assets/images/loader.png]
[pixydrops.com/laboix-html/assets/vendors/bootstrap-select/bootstrap-select.min.js]
[pixydrops.com/laboix-html/assets/images/home-showcase/home-showcase-1.jpg]
[pixydrops.com/laboix-html/assets/vendors/jquery-ui/jquery-ui.js]
[pixydrops.com/laboix-html/assets/images/logo-dark.png]
[pixydrops.com/laboix-html/assets/images/home-showcase/home-showcase-2.jpg]
[pixydrops.com/laboix-html/assets/images/home-showcase/home-showcase-3.jpg]
[pixydrops.com/laboix-html/assets/images/home-showcase/home-showcase-4.jpg]
[pixydrops.com/laboix-html/assets/vendors/jquery-lettering/jquery.lettering.min.js]
[pixydrops.com/laboix-html/index.html]
[pixydrops.com/laboix-html/assets/js/laboix.js]
[pixydrops.com/laboix-html/assets/vendors/bootstrap/css/bootstrap.min.css]
[pixydrops.com/laboix-html/assets/vendors/bootstrap-select/bootstrap-select.min.css]
[pixydrops.com/laboix-html/assets/vendors/animate/animate.min.css]
[pixydrops.com/laboix-html/assets/vendors/fontawesome/css/all.min.css]
[pixydrops.com/laboix-html/assets/vendors/jquery-ui/jquery-ui.css]
[pixydrops.com/laboix-html/assets/vendors/jarallax/jarallax.css]
[pixydrops.com/laboix-html/assets/vendors/jquery-magnific-popup/jquery.magnific-popup.css]
[pixydrops.com/laboix-html/assets/vendors/nouislider/nouislider.min.css]
[pixydrops.com/laboix-html/assets/vendors/nouislider/nouislider.pips.css]
[pixydrops.com/laboix-html/assets/vendors/laboix-icons/style.css]
[pixydrops.com/laboix-html/assets/vendors/owl-carousel/css/owl.carousel.min.css]
[pixydrops.com/laboix-html/assets/vendors/owl-carousel/css/owl.theme.default.min.css]
[pixydrops.com/laboix-html/assets/images/backgrounds/slider-1-1.png]
[pixydrops.com/laboix-html/assets/images/shapes/hero-1-3.png]
[pixydrops.com/laboix-html/assets/images/shapes/hero-1-2.png]
[pixydrops.com/laboix-html/assets/images/shapes/hero-1-1.png]
[pixydrops.com/laboix-html/assets/images/shapes/leaf-1-1.png]
[pixydrops.com/laboix-html/assets/images/about/about-2-1.png]
[pixydrops.com/laboix-html/assets/images/backgrounds/slider-1-2.jpg]
[pixydrops.com/laboix-html/assets/images/backgrounds/slider-1-3.jpg]
[pixydrops.com/laboix-html/assets/css/laboix.css]
[pixydrops.com/laboix-html/assets/images/shapes/hero-1-4.png]
[pixydrops.com/laboix-html/assets/images/about/about-s-2-1.png]
[pixydrops.com/laboix-html/assets/images/shapes/about-shape-2-1.png]
[pixydrops.com/laboix-html/index-one-page.html]
[pixydrops.com/laboix-html/assets/images/shapes/about-shape-1-1.png]
[pixydrops.com/laboix-html/assets/images/shapes/service-shape-1-1.png]
[pixydrops.com/laboix-html/assets/images/shapes/science.png]
[pixydrops.com/laboix-html/assets/images/shapes/shape-service.png]
[pixydrops.com/laboix-html/assets/images/service/service-1-2.png]
[pixydrops.com/laboix-html/assets/images/service/service-1-3.png]
[pixydrops.com/laboix-html/assets/images/shapes/why-choose-us.png]
[pixydrops.com/laboix-html/assets/images/service/service-1-1.png]
[pixydrops.com/laboix-html/assets/images/resources/why-choose-item-2-1.jpg]
[pixydrops.com/laboix-html/assets/images/resources/why-choose-item-2-2.jpg]
[pixydrops.com/laboix-html/assets/images/resources/why-choose-1-1.jpg]
[pixydrops.com/laboix-html/assets/images/shapes/about-shape-3-2.png]
[pixydrops.com/laboix-html/assets/images/shapes/sec-title-s-2.png]
[pixydrops.com/laboix-html/assets/images/backgrounds/testimonial-bg-1.jpg]
[pixydrops.com/laboix-html/assets/images/shapes/work-teps.png]
[pixydrops.com/laboix-html/assets/images/shapes/test-image-bg.png]
[pixydrops.com/laboix-html/assets/images/resources/testi-thumb-1-1.png]
[pixydrops.com/laboix-html/assets/images/resources/testi-thumb-1-2.png]
[pixydrops.com/laboix-html/assets/images/resources/testi-thumb-1-3.png]
[pixydrops.com/laboix-html/assets/images/resources/testi-1-1.png]
[pixydrops.com/laboix-html/assets/images/backgrounds/price-bg-1-2.jpg]
[pixydrops.com/laboix-html/assets/images/shapes/funfact-2-1.png]
[pixydrops.com/laboix-html/assets/images/resources/case-stady-1-1.png]
[pixydrops.com/laboix-html/assets/images/backgrounds/price-bg-1-1.jpg]
[pixydrops.com/laboix-html/assets/images/resources/case-stady-1-2.png]
[pixydrops.com/laboix-html/assets/images/backgrounds/price-bg-1-3.jpg]
[pixydrops.com/laboix-html/assets/images/resources/case-stady-1-4.png]
[pixydrops.com/laboix-html/assets/images/resources/testi-2-1.png]
[pixydrops.com/laboix-html/assets/images/team/team-1-1.jpg]
[pixydrops.com/laboix-html/assets/images/resources/case-stady-1-3.png]
[pixydrops.com/laboix-html/assets/images/backgrounds/video-bg.png]
[pixydrops.com/laboix-html/assets/images/team/team-1-2.jpg]
[pixydrops.com/laboix-html/assets/images/resources/testi-2-2.png]
[pixydrops.com/laboix-html/assets/images/team/team-1-4.jpg]
[pixydrops.com/laboix-html/assets/images/blog/blog-1-1.png]
[pixydrops.com/laboix-html/assets/images/team/team-1-3.jpg]
[pixydrops.com/laboix-html/assets/images/blog/blog-author-1-1.png]
[pixydrops.com/laboix-html/assets/images/blog/blog-author-1-2.png]
[pixydrops.com/laboix-html/assets/images/blog/blog-1-2.png]
[pixydrops.com/laboix-html/assets/images/blog/blog-author-1-3.png]
[pixydrops.com/laboix-html/assets/images/shapes/testi-shape-1-1.png]
[pixydrops.com/laboix-html/assets/images/blog/blog-1-3.png]
[pixydrops.com/laboix-html/assets/images/logo-light.png]
[pixydrops.com/laboix-html/assets/images/resources/brand-2-1.png]
[pixydrops.com/laboix-html/assets/images/shapes/footer-shape-1-2.png]
[pixydrops.com/laboix-html/assets/images/shapes/footer-shape-1-1.png]
[pixydrops.com/laboix-html/assets/images/resources/case-stady-2-1.png]
[pixydrops.com/laboix-html/assets/images/resources/case-stady-2-2.png]
[pixydrops.com/laboix-html/assets/images/resources/case-stady-2-3.png]
[cdnjs.cloudflare.com/ajax/libs/Chart.js/2.1.4/Chart.min.js]
[pixydrops.com/laboix-html/assets/vendors/fontawesome/webfonts/fa-brands-400.eot]
[pixydrops.com/laboix-html/assets/vendors/fontawesome/webfonts/fa-brands-400.woff2]
[pixydrops.com/laboix-html/assets/vendors/fontawesome/webfonts/fa-brands-400d41d.eot]
[pixydrops.com/laboix-html/assets/images/resources/our-work-2-1.png]
[pixydrops.com/laboix-html/assets/vendors/fontawesome/webfonts/fa-brands-400.woff]
[pixydrops.com/laboix-html/assets/vendors/fontawesome/webfonts/fa-brands-400.ttf]
[pixydrops.com/laboix-html/assets/vendors/fontawesome/webfonts/fa-regular-400.eot]
[pixydrops.com/laboix-html/assets/vendors/fontawesome/webfonts/fa-regular-400d41d.eot]
[pixydrops.com/laboix-html/assets/vendors/fontawesome/webfonts/fa-regular-400.woff2]
[pixydrops.com/laboix-html/assets/vendors/fontawesome/webfonts/fa-regular-400.woff]
[pixydrops.com/laboix-html/assets/images/shapes/our-work-line.png]
[pixydrops.com/laboix-html/assets/vendors/fontawesome/webfonts/fa-regular-400.ttf]
[pixydrops.com/laboix-html/assets/vendors/fontawesome/webfonts/fa-solid-900.eot]
[pixydrops.com/laboix-html/assets/vendors/fontawesome/webfonts/fa-solid-900.woff2]
[pixydrops.com/laboix-html/assets/vendors/fontawesome/webfonts/fa-solid-900d41d.eot]
[pixydrops.com/laboix-html/assets/images/backgrounds/juin-us-bg.png]
[pixydrops.com/laboix-html/assets/vendors/fontawesome/webfonts/fa-solid-900.woff]
[pixydrops.com/laboix-html/assets/vendors/fontawesome/webfonts/fa-solid-900.ttf]
[pixydrops.com/laboix-html/assets/vendors/jquery-ui/images/ui-bg_highlight-soft_75_cccccc_1x100.png]
[pixydrops.com/laboix-html/assets/images/shapes/join-shape-1-1.png]
[pixydrops.com/laboix-html/assets/vendors/jquery-ui/images/ui-bg_glass_75_e6e6e6_1x400.png]
[pixydrops.com/laboix-html/assets/vendors/jquery-ui/images/ui-bg_glass_75_dadada_1x400.png]
[pixydrops.com/laboix-html/assets/vendors/jquery-ui/images/ui-bg_glass_55_fbf9ee_1x400.png]
[pixydrops.com/laboix-html/assets/vendors/jquery-ui/images/ui-bg_glass_65_ffffff_1x400.png]
[pixydrops.com/laboix-html/assets/vendors/jquery-ui/images/ui-icons_222222_256x240.png]
[pixydrops.com/laboix-html/assets/images/resources/why-choosw-2-1.png]
[pixydrops.com/laboix-html/assets/vendors/jquery-ui/images/ui-icons_454545_256x240.png]
[pixydrops.com/laboix-html/assets/vendors/jquery-ui/images/ui-icons_888888_256x240.png]
[pixydrops.com/laboix-html/assets/vendors/jquery-ui/images/ui-bg_glass_95_fef1ec_1x400.png]
[pixydrops.com/laboix-html/assets/vendors/jquery-ui/images/ui-icons_2e83ff_256x240.png]
[pixydrops.com/laboix-html/assets/vendors/laboix-icons/fonts/icomoon8e89.eot]
[pixydrops.com/laboix-html/assets/vendors/jquery-ui/images/ui-icons_cd0a0a_256x240.png]
[pixydrops.com/laboix-html/assets/vendors/laboix-icons/fonts/icomoon8e89.woff]
[pixydrops.com/laboix-html/assets/images/resources/why-choosw-2-2.png]
[pixydrops.com/laboix-html/assets/vendors/owl-carousel/css/owl.video.play.png]
[pixydrops.com/laboix-html/assets/vendors/laboix-icons/fonts/icomoon8e89.ttf]
[pixydrops.com/laboix-html/assets/images/shapes/pin-1-2.png]
[pixydrops.com/laboix-html/index-2.html]
[pixydrops.com/laboix-html/assets/images/shapes/contact-shape.png]
[pixydrops.com/laboix-html/assets/images/landing/home-2.jpg]
[pixydrops.com/laboix-html/index-2-one-page.html]
[pixydrops.com/laboix-html/assets/images/landing/home-3.jpg]
[pixydrops.com/laboix-html/assets/images/landing/home-dark.jpg]
[pixydrops.com/laboix-html/assets/images/landing/home-1.png]
[pixydrops.com/laboix-html/assets/images/close.png]
[pixydrops.com/laboix-html/index-3.html]
[pixydrops.com/laboix-html/assets/images/landing/home-boxed.png]
[pixydrops.com/laboix-html/index-3-one-page.html]
[pixydrops.com/laboix-html/assets/images/backgrounds/slider-2-1.jpg]
[pixydrops.com/laboix-html/assets/images/backgrounds/hero-s-2-1.png]
[pixydrops.com/laboix-html/assets/images/shapes/hero-2-2.png]
[pixydrops.com/laboix-html/assets/images/shapes/hero-2-1.png]
[pixydrops.com/laboix-html/assets/images/backgrounds/slider-2-3.jpg]
[pixydrops.com/laboix-html/assets/images/shapes/about-bg-3-3.png]
[pixydrops.com/laboix-html/assets/images/resources/brand-black-2-1.png]
[pixydrops.com/laboix-html/index-dark.html]
[pixydrops.com/laboix-html/assets/images/about/about-3-1.png]
[pixydrops.com/laboix-html/assets/images/backgrounds/slider-2-2.jpg]
[pixydrops.com/laboix-html/assets/images/backgrounds/about-bg-3-1.png]
[pixydrops.com/laboix-html/assets/images/about/about-s-3-1.png]
[pixydrops.com/laboix-html/assets/images/shapes/about-shape-3-1.png]
[pixydrops.com/laboix-html/about.html]
[pixydrops.com/laboix-html/assets/images/shapes/hero-shape-4-1.png]
[pixydrops.com/laboix-html/assets/images/shapes/about-shape-3-3.png]
[pixydrops.com/laboix-html/assets/images/shapes/hero-shape-4-3.png]
[pixydrops.com/laboix-html/assets/images/service/service-1-4.png]
[pixydrops.com/laboix-html/assets/images/shapes/hero-shape-4-2.png]
[pixydrops.com/laboix-html/assets/images/backgrounds/slider-3-1.jpg]
[pixydrops.com/laboix-html/assets/images/backgrounds/slider-3-3.jpg]
[pixydrops.com/laboix-html/assets/images/about/about-4-1.png]
[pixydrops.com/laboix-html/assets/images/about/about-s-4-1.png]
[pixydrops.com/laboix-html/assets/images/service/service-1-5.png]
[pixydrops.com/laboix-html/assets/images/backgrounds/slider-3-2.jpg]
[pixydrops.com/laboix-html/assets/images/loder-light.png]
[pixydrops.com/laboix-html/assets/images/service/service-4-2.png]
[pixydrops.com/laboix-html/assets/images/resources/testi-4-1.png]
[pixydrops.com/laboix-html/assets/images/service/service-4-1.png]
[pixydrops.com/laboix-html/assets/images/service/service-1-6.png]
[pixydrops.com/laboix-html/assets/images/resources/testi-4-2.png]
[pixydrops.com/laboix-html/services.html]
[pixydrops.com/laboix-html/assets/images/service/service-4-3.png]
[pixydrops.com/laboix-html/assets/images/shapes/testi-shape-1-2.png]
[pixydrops.com/laboix-html/assets/images/resources/testi-4-3.png]
[pixydrops.com/laboix-html/assets/images/shapes/why-choos-1-1.png]
[pixydrops.com/laboix-html/assets/images/shapes/why-choos-1-2.png]
[pixydrops.com/laboix-html/assets/images/shapes/icon-1-2.png]
[pixydrops.com/laboix-html/assets/images/shapes/icon-1-4.png]
[pixydrops.com/laboix-html/services-carousel.html]
[pixydrops.com/laboix-html/assets/images/shapes/icon-1-3.png]
[pixydrops.com/laboix-html/assets/images/about/why-choos-2-1.png]
[pixydrops.com/laboix-html/assets/images/resources/faq-1-1.png]
[pixydrops.com/laboix-html/assets/images/shapes/icon-1-1.png]
[pixydrops.com/laboix-html/assets/images/blog/blog-s-2-1.png]
[pixydrops.com/laboix-html/assets/images/service/service-4-4.png]
[pixydrops.com/laboix-html/assets/images/blog/blog-s-2-2.png]
[pixydrops.com/laboix-html/assets/images/blog/blog-2-1.png]
[pixydrops.com/laboix-html/assets/images/backgrounds/faq-bg.png]
[pixydrops.com/laboix-html/assets/images/blog/blog-s-2-3.png]
[pixydrops.com/laboix-html/assets/images/shapes/work-teps-dark.png]
[pixydrops.com/laboix-html/assets/images/shapes/service-shape-dark-1-1.png]
[pixydrops.com/laboix-html/assets/images/service/service-4-5.png]
[pixydrops.com/laboix-html/assets/images/backgrounds/page-header-bg-1-1.jpg]
[pixydrops.com/laboix-html/assets/images/service/service-4-6.png]
[pixydrops.com/laboix-html/services-2.html]
[pixydrops.com/laboix-html/services-carousel-2.html]
[pixydrops.com/laboix-html/assets/images/service/service-man-1.png]
[pixydrops.com/laboix-html/assets/images/shapes/service-shape.png]
[pixydrops.com/laboix-html/assets/images/service/service-d-1-1.png]
[pixydrops.com/laboix-html/assets/images/service/service-s-1-1.png]
[pixydrops.com/laboix-html/service-d-artificial.html]
[pixydrops.com/laboix-html/assets/images/service/service-d-1-3.png]
[pixydrops.com/laboix-html/service-d-genetic-tests.html]
[pixydrops.com/laboix-html/assets/images/service/service-d-1-2.png]
[pixydrops.com/laboix-html/service-d-research.html]
[pixydrops.com/laboix-html/assets/images/service/service-d-1-4.png]
[pixydrops.com/laboix-html/service-d-pathology.html]
[pixydrops.com/laboix-html/service-d-sampling.html]
[pixydrops.com/laboix-html/service-d-diagnoses.html]
[pixydrops.com/laboix-html/assets/images/team/team-1-5.jpg]
[pixydrops.com/laboix-html/assets/images/team/team-1-6.jpg]
[pixydrops.com/laboix-html/team.html]
[pixydrops.com/laboix-html/team-carousel.html]
[pixydrops.com/laboix-html/assets/images/team/team-d-1-1.png]
[pixydrops.com/laboix-html/assets/images/team/certificate-1-1.png]
[pixydrops.com/laboix-html/assets/images/team/certificate-1-2.png]
[pixydrops.com/laboix-html/assets/images/team/certificate-1-3.png]
[pixydrops.com/laboix-html/assets/images/shapes/team-details-bg.png]
[pixydrops.com/laboix-html/team-details.html]
[pixydrops.com/laboix-html/packages.html]
[pixydrops.com/laboix-html/packages-carousel.html]
[pixydrops.com/laboix-html/gallery.html]
[pixydrops.com/laboix-html/assets/images/gallery/gallery-1-1.jpg]
[pixydrops.com/laboix-html/assets/images/gallery/gallery-1-2.jpg]
[pixydrops.com/laboix-html/assets/images/gallery/gallery-1-3.jpg]
[pixydrops.com/laboix-html/assets/images/gallery/gallery-1-4.jpg]
[pixydrops.com/laboix-html/assets/images/gallery/gallery-1-5.jpg]
[pixydrops.com/laboix-html/assets/images/gallery/gallery-1-6.jpg]
[pixydrops.com/laboix-html/assets/images/gallery/gallery-1-7.jpg]
[pixydrops.com/laboix-html/gallery-grid.html]
[pixydrops.com/laboix-html/gallery-filter.html]
[pixydrops.com/laboix-html/gallery-carousel.html]
[pixydrops.com/laboix-html/faq.html]
[pixydrops.com/laboix-html/login.html]
[pixydrops.com/laboix-html/assets/images/shapes/error-1-5.png]
[pixydrops.com/laboix-html/assets/images/shapes/error-m-1-1.png]
[pixydrops.com/laboix-html/assets/images/shapes/error-1-1.png]
[pixydrops.com/laboix-html/404.html]
[pixydrops.com/laboix-html/assets/images/products/product-1-1.jpg]
[pixydrops.com/laboix-html/assets/images/products/product-1-2.jpg]
[pixydrops.com/laboix-html/assets/images/products/product-1-3.jpg]
[pixydrops.com/laboix-html/assets/images/products/product-1-4.jpg]
[pixydrops.com/laboix-html/assets/images/products/product-1-5.jpg]
[pixydrops.com/laboix-html/assets/images/products/product-1-6.jpg]
[pixydrops.com/laboix-html/assets/images/products/product-1-7.jpg]
[pixydrops.com/laboix-html/assets/images/products/product-1-8.jpg]
[pixydrops.com/laboix-html/products.html]
[pixydrops.com/laboix-html/assets/images/products/product-1-9.jpg]
[pixydrops.com/laboix-html/products-left.html]
[pixydrops.com/laboix-html/products-right.html]
[pixydrops.com/laboix-html/products-carousel.html]
[pixydrops.com/laboix-html/product-details.html]
[pixydrops.com/laboix-html/cart.html]
[pixydrops.com/laboix-html/checkout.html]
[pixydrops.com/laboix-html/blog-grid.html]
[pixydrops.com/laboix-html/assets/images/blog/lp-1-2.jpg]
[pixydrops.com/laboix-html/blog-grid-left.html]
[pixydrops.com/laboix-html/blog-grid-right.html]
[pixydrops.com/laboix-html/blog-list.html]
[pixydrops.com/laboix-html/blog-list-left.html]
[pixydrops.com/laboix-html/blog-list-right.html]
[pixydrops.com/laboix-html/blog-carousel.html]
[pixydrops.com/laboix-html/blog-details.html]
[pixydrops.com/laboix-html/blog-details-left.html]
[pixydrops.com/laboix-html/blog-details-right.html]
[pixydrops.com/laboix-html/contact.html]
[pixydrops.com/laboix-html/inedx.html]
[pixydrops.com/laboix-html/assets/vendors/jquery/jquery-3.7.0.min.js]
[pixydrops.com/laboix-html/assets/vendors/bootstrap/js/bootstrap.bundle.min.js]
[pixydrops.com/laboix-html/assets/vendors/bootstrap-select/bootstrap-select.min.js]
[pixydrops.com/laboix-html/assets/vendors/jarallax/jarallax.min.js]
[pixydrops.com/laboix-html/assets/vendors/jquery-ui/jquery-ui.js]
[pixydrops.com/laboix-html/assets/vendors/jquery-ajaxchimp/jquery.ajaxchimp.min.js]
[pixydrops.com/laboix-html/assets/vendors/jquery-appear/jquery.appear.min.js]
[pixydrops.com/laboix-html/assets/vendors/jquery-circle-progress/jquery.circle-progress.min.js]
[pixydrops.com/laboix-html/assets/vendors/jquery-magnific-popup/jquery.magnific-popup.min.js]
[pixydrops.com/laboix-html/assets/vendors/jquery-validate/jquery.validate.min.js]
[pixydrops.com/laboix-html/assets/vendors/nouislider/nouislider.min.js]
[pixydrops.com/laboix-html/assets/vendors/wnumb/wNumb.min.js]
[pixydrops.com/laboix-html/assets/vendors/owl-carousel/js/owl.carousel.min.js]
[pixydrops.com/laboix-html/assets/vendors/wow/wow.js]
[pixydrops.com/laboix-html/assets/vendors/imagesloaded/imagesloaded.min.js]
[pixydrops.com/laboix-html/assets/vendors/isotope/isotope.js]
[pixydrops.com/laboix-html/Trident/index.html]
[pixydrops.com/laboix-html/Edge/index.html]
[pixydrops.com/laboix-html/countdown.138.delayed]
[pixydrops.com/laboix-html/assets/vendors/countdown/countdown.min.js]
[pixydrops.com/laboix-html/assets/vendors/jquery-circleType/jquery.circleType.js]
[pixydrops.com/laboix-html/assets/vendors/jquery-lettering/jquery.lettering.min.js]
[pixydrops.com/laboix-html/assets/js/laboix.js]
[pixydrops.com/laboix-html/assets/vendors/fontawesome/webfonts/fa-brands-400.svg]
[pixydrops.com/laboix-html/assets/vendors/fontawesome/webfonts/fa-regular-400.svg]
[pixydrops.com/laboix-html/assets/vendors/fontawesome/webfonts/fa-solid-900.svg]
[pixydrops.com/laboix-html/assets/vendors/laboix-icons/fonts/icomoon8e89.svg]
[pixydrops.com/laboix-html/assets/images/shapes/leaf-1-1.html]
[pixydrops.com/laboix-html/index-boxed.html]
[pixydrops.com/laboix-html/assets/images/landing/home-rtl.jpg]
[translate.google.com/translate_a/elementa0d8.js]
[pixydrops.com/laboix-html/index-rtl.html]
[pixydrops.com/laboix-html/assets/images/backgrounds/slider-bg-2-1.jpg]
[pixydrops.com/laboix-html/assets/css/laboix-dark.css]
[pixydrops.com/laboix-html/assets/images/products/product-d-1-1.html]
[pixydrops.com/laboix-html/assets/images/products/product-c-1-1.html]
[pixydrops.com/laboix-html/assets/images/products/product-c-1-2.html]
[pixydrops.com/laboix-html/assets/images/products/cart-1-1.html]
[pixydrops.com/laboix-html/assets/images/products/cart-1-2.html]
[pixydrops.com/laboix-html/assets/images/blog/blog-1-4.html]
[pixydrops.com/laboix-html/assets/images/blog/blog-author-1-4.html]
[pixydrops.com/laboix-html/assets/images/blog/blog-1-5.html]
[pixydrops.com/laboix-html/assets/images/blog/blog-author-1-5.html]
[pixydrops.com/laboix-html/assets/images/blog/blog-1-6.html]
[pixydrops.com/laboix-html/assets/images/blog/blog-author-1-6.html]
[pixydrops.com/laboix-html/assets/images/blog/lp-1-1.html]
[pixydrops.com/laboix-html/assets/images/blog/lp-1-3.html]
[pixydrops.com/laboix-html/assets/images/blog/blog-l-1-1.html]
[pixydrops.com/laboix-html/assets/images/blog/blog-l-1-2.html]
[pixydrops.com/laboix-html/assets/images/blog/blog-l-1-3.html]
[pixydrops.com/laboix-html/assets/images/blog/blog-d-1-1.html]
[pixydrops.com/laboix-html/assets/images/blog/blog-comment-1-1.png]
[pixydrops.com/laboix-html/assets/images/blog/blog-comment-1-2.html]
[pixydrops.com/laboix-html/assets/images/resources/man-contact.html]
[pixydrops.com/laboix-html/assets/images/shapes/pin.html]
[pixydrops.com/laboix-html/Trident/index.html]
[pixydrops.com/laboix-html/Edge/index.html]
[pixydrops.com/laboix-html/countdown.html]
[pixydrops.com/laboix-html/assets/css/laboix-rtl.html]
[pixydrops.com/laboix-html/assets/css/laboix-custom-rtl.html]
[pixydrops.com/laboix-html/assets/vendors/laboix-toolbar/css/laboix-toolbar.html]
[pixydrops.com/laboix-html/assets/images/backgrounds/slider-rtl-1-1.html]
[pixydrops.com/laboix-html/assets/images/shapes/hero-rtl-1-1.html]
[pixydrops.com/laboix-html/assets/images/shapes/hero-rtl-1-2.html]
[pixydrops.com/laboix-html/assets/images/shapes/hero-rtl-1-3.html]
[pixydrops.com/laboix-html/assets/images/shapes/hero-rtl-1-4.html]
[pixydrops.com/laboix-html/assets/images/backgrounds/slider-rtl-1-2.html]
[pixydrops.com/laboix-html/assets/images/backgrounds/slider-rtl-1-3.html]
[pixydrops.com/laboix-html/assets/images/shapes/shape-service-rtl.html]
[pixydrops.com/laboix-html/assets/images/shapes/work-teps-rtl.html]
[pixydrops.com/laboix-html/assets/vendors/laboix-toolbar/js/js.cookie.min.html]
[pixydrops.com/laboix-html/assets/vendors/laboix-toolbar/js/jQuery.style.switcher.min.html]
[pixydrops.com/laboix-html/assets/vendors/laboix-toolbar/js/lang.html]
[pixydrops.com/laboix-html/assets/vendors/laboix-toolbar/js/laboix-toolbar.html]
